$ bash scripts/collect_env.sh
date: 2026-10-06 19:54:42 PDT
commit: 06d193b96eb63bc518b522389658749d82de484e
worktree: dirty
 M Makefile
 M README.md
 M apps/README.md
 M apps/bench_cpu.c
 M apps/bench_cuda.cu
 M data/README.md
 M docs/CONTRACTS.md
 M docs/ENVIRONMENT.md
 M docs/submission-checklist.md
 M results/README.md
 M scripts/README.md
 M src/common/cuda_utils.cuh
 M src/convolution/cpu.c
 M src/convolution/cuda.cu
 M src/matrix/cpu.c
 M src/matrix/cublas.cu
 M src/matrix/naive.cu
 M src/matrix/optimized.cu
 M src/matrix/tiled.cu
?? apps/harness.c
?? apps/harness.h
?? data/images/frequency.png
?? data/images/geometry.png
?? data/images/manifest.json
?? data/images/soft_scene.png
?? results/figures/A-20261006-195302-part81-cpu-local/
?? results/raw/A-20261006-195231-part81-cpu-local/
?? results/raw/A-20261006-195302-part81-cpu-local/
?? results/raw/A-20261006-195441-part81-cpu-local/
?? results/summary/A-20261006-195302-part81-cpu-local.csv
?? scripts/collect_env.sh
?? scripts/generate_test_images.py
?? scripts/prepare_images.py
?? scripts/requirements.txt
?? scripts/run_part81_cpu.py
?? src/common/timer.h
?? src/common/validate.h

$ uname -a
Darwin Mac-8398.lan 27.0.0 Darwin Kernel Version 27.0.0: Tue Aug 11 21:20:40 PDT 2026; root:xnu-13432.1.9~1/RELEASE_ARM64_T6020 arm64

$ lscpu
(not found)

$ free -h
(not found)

$ nvidia-smi
(not found)

$ nvcc --version
(not found)

$ cc --version
Apple clang version 21.0.0 (clang-2100.3.34.2)
Target: arm64-apple-darwin27.0.0
Thread model: posix
InstalledDir: /Library/Developer/CommandLineTools/usr/bin

$ python3 --version
Python 3.12.14

$ python3 -c import numpy; print('numpy', numpy.__version__)
numpy 2.3.5

$ make --no-print-directory print-flags
CC=cc CPPFLAGS=-Iinclude -Isrc -D_POSIX_C_SOURCE=200809L CFLAGS=-O2 -std=c11 -Wall -Wextra -Wpedantic
NVCC=nvcc NVCCFLAGS=-O2 -std=c++14 LDFLAGS=

exit_code=0
